{
  "query": "931M",
  "matched_by": "vehicle_descriptor.id",
  "public_label": "931M-932M",
  "vehicle_id": "931M-932M",
  "ptv_vehicle_descriptor_id": "931M-932M",
  "route_type": 0,
  "ptv_route_type": 0,
  "mode": "Train",
  "route_id": 16,
  "ptv_route_id": 16,
  "route": "Werribee Line",
  "run_ref": "ptv-run-77",
  "ptv_run_ref": "ptv-run-77",
  "destination": "Werribee",
  "status": "scheduled",
  "service_state": "current",
  "position": {
    "latitude": -37.81,
    "longitude": 144.96,
    "datetime_utc": "2026-07-16T11:59:30Z",
    "kind": "gps"
  },
  "vehicle_descriptor": {
    "operator": "Metro Trains Melbourne",
    "id": "931M-932M",
    "low_floor": null,
    "air_conditioned": null,
    "description": "6 Car Xtrapolis",
    "supplier": "",
    "length": ""
  },
  "gtfs_realtime": {
    "source": "Metro Train vehicle positions",
    "entity_id": "feed-entity-7",
    "feed_entity_id": "feed-entity-7",
    "trip_id": "static-trip-9",
    "static_gtfs_trip_id": "static-trip-9",
    "gtfs_trip_id": "static-trip-9",
    "route_id": "2-WER",
    "gtfs_route_id": "2-WER",
    "start_date": "20260716",
    "start_time": "12:00:00",
    "public_label": "931M-932M",
    "license_plate": "PUBLIC-PLATE",
    "stop_id": "stop-1",
    "gtfs_stop_id": "stop-1",
    "current_status": "IN_TRANSIT_TO",
    "observation_state": "current",
    "observed_at": "2026-07-16T11:59:40Z",
    "age_seconds": 20,
    "feed_state": "current",
    "feed_observed_at": "2026-07-16T11:59:50Z",
    "feed_age_seconds": 10,
    "position": {
      "latitude": -37.818176,
      "longitude": 144.966782,
      "bearing": 94,
      "speed": 13.5,
      "datetime_utc": "2026-07-16T11:59:40Z",
      "kind": "gtfs_realtime_vehicle_position"
    }
  },
  "position_source": "ptv vehicle_position"
}
