{
  "route": {
    "route_type": 1,
    "route_id": 722,
    "ptv_route_id": 722,
    "route_name": "Box Hill - Port Melbourne",
    "route_number": "109",
    "route_gtfs_id": "tram:109"
  },
  "directions": [
    {
      "direction_id": 11,
      "ptv_direction_id": 11,
      "direction_name": "Port Melbourne",
      "route_direction_description": "outbound",
      "route_id": 722,
      "ptv_route_id": 722,
      "route_type": 1
    }
  ],
  "stops": {
    "11": [
      {
        "stop_id": 1234,
        "ptv_stop_id": 1234,
        "stop_name": "Collins St",
        "stop_suburb": "Melbourne",
        "route_type": 1,
        "stop_latitude": 0,
        "stop_longitude": 0,
        "stop_sequence": 5
      }
    ]
  }
}
